'node' 不是內部或外部命令、可執行的程式或批次檔。
